[backblue.gif]
[fade.gif]
[index.html]
[localhost/zamdibud/index.php/feed/index.html]
[localhost/zamdibud/index.php/comments/feed/index.html]
[localhost/zamdibud/wp-includes/js/jquery/jquery4a5f.js]
[localhost/zamdibud/wp-includes/js/jquery/jquery-migrate.min330a.js]
[localhost/zamdibud/wp-content/themes/vw-automobile-lite/js/custom9dff.js]
[localhost/zamdibud/xmlrpc0db0.php]
[localhost/zamdibud/wp-includes/wlwmanifest.xml]
[localhost/zamdibud/index.php/wp-json/index.html]
[localhost/zamdibud/index.php/wp-json/oembed/1.0/embed08f8.json]
[localhost/zamdibud/index.php/wp-json/oembed/1.0/embeda7d6]
[localhost/zamdibud/wp-content/themes/vw-automobile-lite/images/two-way.gif]
[localhost/zamdibud/wp-content/uploads/2019/12/images3.jpg]
[localhost/zamdibud/wp-content/themes/vw-automobile-lite/js/bootstrap9dff.js]
[localhost/zamdibud/wp-content/themes/vw-automobile-lite/js/jquery.superfish9dff.js]
[localhost/zamdibud/wp-includes/js/wp-embed.min9dff.js]
[localhost/zamdibud/index.html]
[localhost/zamdibud/wp-includes/css/dist/block-library/style.min9dff.css]
[localhost/zamdibud/wp-content/themes/vw-automobile-lite/css/bootstrap9dff.css]
[localhost/zamdibud/wp-content/themes/vw-automobile-lite/images/search.png]
[localhost/zamdibud/wp-content/themes/vw-automobile-lite/style9dff.css]
[localhost/zamdibud/wp-content/themes/vw-automobile-lite/css/effect9dff.css]
[localhost/zamdibud/wp-content/themes/vw-automobile-lite/webfonts/fa-brands-400.eot]
[localhost/zamdibud/wp-content/themes/vw-automobile-lite/webfonts/fa-brands-400.woff2]
[localhost/zamdibud/wp-content/themes/vw-automobile-lite/webfonts/fa-brands-400d41d.eot]
[localhost/zamdibud/wp-content/themes/vw-automobile-lite/webfonts/fa-brands-400.woff]
[localhost/zamdibud/wp-content/themes/vw-automobile-lite/webfonts/fa-brands-400.ttf]
[localhost/zamdibud/wp-content/themes/vw-automobile-lite/webfonts/fa-regular-400.eot]
[localhost/zamdibud/wp-content/themes/vw-automobile-lite/webfonts/fa-regular-400d41d.eot]
[localhost/zamdibud/wp-content/themes/vw-automobile-lite/webfonts/fa-regular-400.woff2]
[localhost/zamdibud/wp-content/themes/vw-automobile-lite/webfonts/fa-regular-400.woff]
[localhost/zamdibud/wp-content/themes/vw-automobile-lite/webfonts/fa-regular-400.ttf]
[localhost/zamdibud/wp-content/themes/vw-automobile-lite/webfonts/fa-solid-900.eot]
[localhost/zamdibud/wp-content/themes/vw-automobile-lite/webfonts/fa-solid-900.woff2]
[localhost/zamdibud/wp-content/themes/vw-automobile-lite/webfonts/fa-solid-900d41d.eot]
[localhost/zamdibud/wp-content/themes/vw-automobile-lite/webfonts/fa-solid-900.woff]
[localhost/zamdibud/wp-content/themes/vw-automobile-lite/webfonts/fa-solid-900.ttf]
[localhost/zamdibud/wp-content/themes/vw-automobile-lite/css/fontawesome-all9dff.css]
[localhost/zamdibud/index.php/wp-json/oembed/1.0/embeda708.json]
[localhost/zamdibud/index.php/wp-json/oembed/1.0/embedc912]
[localhost/zamdibud/index.php/why-zamfara/index.html]
[localhost/zamdibud/index.php/wp-json/oembed/1.0/embed8e24.json]
[localhost/zamdibud/index.php/wp-json/oembed/1.0/embed0303]
[localhost/zamdibud/index.php/discover-zamfara/index.html]
[localhost/zamdibud/index.php/zamdibud/index.html]
[localhost/zamdibud/index.php/wp-json/oembed/1.0/embed3ea4.json]
[localhost/zamdibud/index.php/sectors/feed/index.html]
[localhost/zamdibud/index.php/wp-json/oembed/1.0/embed3402]
[localhost/zamdibud/index.php/sectors/index.html]
[localhost/zamdibud/index.php/wp-json/oembed/1.0/embedfadb.json]
[localhost/zamdibud/index.php/wp-json/oembed/1.0/embed2def]
[localhost/zamdibud/index.php/contact/index.html]
[localhost/zamdibud/wp-content/themes/vw-automobile-lite/webfonts/fa-brands-400.svg]
[localhost/zamdibud/wp-content/themes/vw-automobile-lite/webfonts/fa-regular-400.svg]
[localhost/zamdibud/wp-content/themes/vw-automobile-lite/webfonts/fa-solid-900.svg]
[localhost/zamdibud/indexec4a.html]
[localhost/zamdibud/index0325.html]
[localhost/zamdibud/index905b.html]
[localhost/zamdibud/wp-admin/index.html]
[localhost/zamdibud/indexc4f7.html]
[localhost/zamdibud/wp-includes/js/zxcvbn-async.min5152.js]
[localhost/zamdibud/wp-admin/js/password-strength-meter.min9dff.js]
[localhost/zamdibud/wp-includes/js/underscore.min4511.js]
[localhost/zamdibud/wp-includes/js/wp-util.min9dff.js]
[localhost/zamdibud/wp-loginc42e.html]
[localhost/zamdibud/wp-admin/js/user-profile.min9dff.js]
[localhost/zamdibud/wp-includes/fonts/dashicons2ce6.eot]
[localhost/zamdibud/wp-includes/fonts/dashicons2ce6.ttf]
[localhost/zamdibud/wp-includes/css/dashicons.min9dff.css]
[localhost/zamdibud/wp-includes/css/buttons.min9dff.css]
[localhost/zamdibud/wp-admin/images/loading.gif]
[localhost/zamdibud/wp-admin/css/forms.min9dff.css]
[localhost/zamdibud/wp-admin/css/l10n.min9dff.css]
[localhost/zamdibud/wp-admin/images/w-logo-blue7a53.png]
[localhost/zamdibud/wp-admin/css/login.min9dff.css]
[localhost/zamdibud/wp-loginc2b6.html]
[localhost/zamdibud/wp-admin/images/wordpress-logo7d6b.svg]
[localhost/zamdibud/wp-login.html]
